This is pdfTeX, Version 3.14159265-2.6-1.40.21 (TeX Live 2020) (preloaded format=pdflatex 2026.5.7)  5 JUN 2026 17:09
entering extended mode
 restricted \write18 enabled.
 %&-line parsing enabled.
**main.tex
(./main.tex
LaTeX2e <2020-10-01> patch level 4
L3 programming layer <2021-02-18>
(/usr/share/texlive/texmf-dist/tex/latex/base/article.cls
Document Class: article 2020/04/10 v1.4m Standard LaTeX document class
(/usr/share/texlive/texmf-dist/tex/latex/base/size11.clo
File: size11.clo 2020/04/10 v1.4m Standard LaTeX file (size option)
)
\c@part=\count179
\c@section=\count180
\c@subsection=\count181
\c@subsubsection=\count182
\c@paragraph=\count183
\c@subparagraph=\count184
\c@figure=\count185
\c@table=\count186
\abovecaptionskip=\skip47
\belowcaptionskip=\skip48
\bibindent=\dimen138
)
(/usr/share/texlive/texmf-dist/tex/latex/amsmath/amsmath.sty
Package: amsmath 2020/09/23 v2.17i AMS math features
\@mathmargin=\skip49

For additional information on amsmath, use the `?' option.
(/usr/share/texlive/texmf-dist/tex/latex/amsmath/amstext.sty
Package: amstext 2000/06/29 v2.01 AMS text

(/usr/share/texlive/texmf-dist/tex/latex/amsmath/amsgen.sty
File: amsgen.sty 1999/11/30 v2.0 generic functions
\@emptytoks=\toks15
\ex@=\dimen139
))
(/usr/share/texlive/texmf-dist/tex/latex/amsmath/amsbsy.sty
Package: amsbsy 1999/11/29 v1.2d Bold Symbols
\pmbraise@=\dimen140
)
(/usr/share/texlive/texmf-dist/tex/latex/amsmath/amsopn.sty
Package: amsopn 2016/03/08 v2.02 operator names
)
\inf@bad=\count187
LaTeX Info: Redefining \frac on input line 234.
\uproot@=\count188
\leftroot@=\count189
LaTeX Info: Redefining \overline on input line 399.
\classnum@=\count190
\DOTSCASE@=\count191
LaTeX Info: Redefining \ldots on input line 496.
LaTeX Info: Redefining \dots on input line 499.
LaTeX Info: Redefining \cdots on input line 620.
\Mathstrutbox@=\box47
\strutbox@=\box48
\big@size=\dimen141
LaTeX Font Info:    Redeclaring font encoding OML on input line 743.
LaTeX Font Info:    Redeclaring font encoding OMS on input line 744.
\macc@depth=\count192
\c@MaxMatrixCols=\count193
\dotsspace@=\muskip16
\c@parentequation=\count194
\dspbrk@lvl=\count195
\tag@help=\toks16
\row@=\count196
\column@=\count197
\maxfields@=\count198
\andhelp@=\toks17
\eqnshift@=\dimen142
\alignsep@=\dimen143
\tagshift@=\dimen144
\tagwidth@=\dimen145
\totwidth@=\dimen146
\lineht@=\dimen147
\@envbody=\toks18
\multlinegap=\skip50
\multlinetaggap=\skip51
\mathdisplay@stack=\toks19
LaTeX Info: Redefining \[ on input line 2923.
LaTeX Info: Redefining \] on input line 2924.
)
(/usr/share/texlive/texmf-dist/tex/latex/graphics/graphicx.sty
Package: graphicx 2020/09/09 v1.2b Enhanced LaTeX Graphics (DPC,SPQR)

(/usr/share/texlive/texmf-dist/tex/latex/graphics/keyval.sty
Package: keyval 2014/10/28 v1.15 key=value parser (DPC)
\KV@toks@=\toks20
)
(/usr/share/texlive/texmf-dist/tex/latex/graphics/graphics.sty
Package: graphics 2020/08/30 v1.4c Standard LaTeX Graphics (DPC,SPQR)

(/usr/share/texlive/texmf-dist/tex/latex/graphics/trig.sty
Package: trig 2016/01/03 v1.10 sin cos tan (DPC)
)
(/usr/share/texlive/texmf-dist/tex/latex/graphics-cfg/graphics.cfg
File: graphics.cfg 2016/06/04 v1.11 sample graphics configuration
)
Package graphics Info: Driver file: pdftex.def on input line 105.

(/usr/share/texlive/texmf-dist/tex/latex/graphics-def/pdftex.def
File: pdftex.def 2020/10/05 v1.2a Graphics/color driver for pdftex
))
\Gin@req@height=\dimen148
\Gin@req@width=\dimen149
)
(/usr/share/texlive/texmf-dist/tex/latex/l3backend/l3backend-pdftex.def
File: l3backend-pdftex.def 2021-03-18 L3 backend support: PDF output (pdfTeX)
\l__color_backend_stack_int=\count199
\l__pdf_internal_box=\box49
)
(./main.aux)
\openout1 = `main.aux'.

LaTeX Font Info:    Checking defaults for OML/cmm/m/it on input line 27.
LaTeX Font Info:    ... okay on input line 27.
LaTeX Font Info:    Checking defaults for OMS/cmsy/m/n on input line 27.
LaTeX Font Info:    ... okay on input line 27.
LaTeX Font Info:    Checking defaults for OT1/cmr/m/n on input line 27.
LaTeX Font Info:    ... okay on input line 27.
LaTeX Font Info:    Checking defaults for T1/cmr/m/n on input line 27.
LaTeX Font Info:    ... okay on input line 27.
LaTeX Font Info:    Checking defaults for TS1/cmr/m/n on input line 27.
LaTeX Font Info:    ... okay on input line 27.
LaTeX Font Info:    Checking defaults for OMX/cmex/m/n on input line 27.
LaTeX Font Info:    ... okay on input line 27.
LaTeX Font Info:    Checking defaults for U/cmr/m/n on input line 27.
LaTeX Font Info:    ... okay on input line 27.
 (/usr/share/texlive/texmf-dist/tex/context/base/mkii/supp-pdf.mkii
[Loading MPS to PDF converter (version 2006.09.02).]
\scratchcounter=\count266
\scratchdimen=\dimen150
\scratchbox=\box50
\nofMPsegments=\count267
\nofMParguments=\count268
\everyMPshowfont=\toks21
\MPscratchCnt=\count269
\MPscratchDim=\dimen151
\MPnumerator=\count270
\makeMPintoPDFobject=\count271
\everyMPtoPDFconversion=\toks22
) (/usr/share/texlive/texmf-dist/tex/latex/epstopdf-pkg/epstopdf-base.sty
Package: epstopdf-base 2020-01-24 v2.11 Base part for package epstopdf
Package epstopdf-base Info: Redefining graphics rule for `.eps' on input line 4
85.

(/usr/share/texlive/texmf-dist/tex/latex/latexconfig/epstopdf-sys.cfg
File: epstopdf-sys.cfg 2010/07/13 v1.3 Configuration of (r)epstopdf for TeX Liv
e
))
[1

{/usr/share/texlive/texmf-dist/fonts/map/pdftex/updmap/pdftex.map}] [2

]
[3]
<./medsig2.pdf, id=24, 559.06743pt x 506.98914pt>
File: ./medsig2.pdf Graphic file (type pdf)
<use ./medsig2.pdf>
Package pdftex.def Info: ./medsig2.pdf  used on input line 330.
(pdftex.def)             Requested size: 198.45662pt x 179.9708pt.

Underfull \hbox (badness 10000) in paragraph at lines 328--339

 []

[4] [5 <./medsig2.pdf>]
<./medsig_s2_rel.pdf, id=38, 558.53596pt x 504.2037pt>
File: ./medsig_s2_rel.pdf Graphic file (type pdf)
<use ./medsig_s2_rel.pdf>
Package pdftex.def Info: ./medsig_s2_rel.pdf  used on input line 490.
(pdftex.def)             Requested size: 154.35889pt x 139.33731pt.
<./medsig_s2_tau.pdf, id=39, 559.0088pt x 503.37927pt>
File: ./medsig_s2_tau.pdf Graphic file (type pdf)
<use ./medsig_s2_tau.pdf>
Package pdftex.def Info: ./medsig_s2_tau.pdf  used on input line 492.
(pdftex.def)             Requested size: 154.35889pt x 138.99428pt.
<./medsig_s5_rel.pdf, id=40, 556.18005pt x 509.09126pt>
File: ./medsig_s5_rel.pdf Graphic file (type pdf)
<use ./medsig_s5_rel.pdf>
Package pdftex.def Info: ./medsig_s5_rel.pdf  used on input line 496.
(pdftex.def)             Requested size: 154.35889pt x 141.28615pt.
<./medsig_s5_tau.pdf, id=41, 556.16333pt x 503.5052pt>
File: ./medsig_s5_tau.pdf Graphic file (type pdf)
<use ./medsig_s5_tau.pdf>
Package pdftex.def Info: ./medsig_s5_tau.pdf  used on input line 498.
(pdftex.def)             Requested size: 154.35889pt x 139.74355pt.
<./medsig_s10_rel.pdf, id=42, 556.92589pt x 503.43974pt>
File: ./medsig_s10_rel.pdf Graphic file (type pdf)
<use ./medsig_s10_rel.pdf>
Package pdftex.def Info: ./medsig_s10_rel.pdf  used on input line 502.
(pdftex.def)             Requested size: 154.35889pt x 139.53334pt.
<./medsig_s10_tau.pdf, id=43, 553.70291pt x 504.13503pt>
File: ./medsig_s10_tau.pdf Graphic file (type pdf)
<use ./medsig_s10_tau.pdf>
Package pdftex.def Info: ./medsig_s10_tau.pdf  used on input line 504.
(pdftex.def)             Requested size: 154.35889pt x 140.54144pt.
 [6] [7 <./medsig_s2_rel.pdf> <./medsig_s2_tau.pdf> <./medsig_s5_rel.pdf> <./me
dsig_s5_tau.pdf> <./medsig_s10_rel.pdf> <./medsig_s10_tau.pdf>]
<./rstar_simple_pval_b0p5.pdf, id=106, 867.24pt x 433.62pt>
File: ./rstar_simple_pval_b0p5.pdf Graphic file (type pdf)
<use ./rstar_simple_pval_b0p5.pdf>
Package pdftex.def Info: ./rstar_simple_pval_b0p5.pdf  used on input line 600.
(pdftex.def)             Requested size: 198.45662pt x 99.22765pt.
<./rstar_simple_pval_b2.pdf, id=107, 867.24pt x 433.62pt>
File: ./rstar_simple_pval_b2.pdf Graphic file (type pdf)
<use ./rstar_simple_pval_b2.pdf>
Package pdftex.def Info: ./rstar_simple_pval_b2.pdf  used on input line 602.
(pdftex.def)             Requested size: 198.45662pt x 99.22765pt.
 [8]
<./rstar_onoff_pval_b0p5_tau0p5.pdf, id=111, 867.24pt x 433.62pt>
File: ./rstar_onoff_pval_b0p5_tau0p5.pdf Graphic file (type pdf)
<use ./rstar_onoff_pval_b0p5_tau0p5.pdf>
Package pdftex.def Info: ./rstar_onoff_pval_b0p5_tau0p5.pdf  used on input line
 644.
(pdftex.def)             Requested size: 198.45662pt x 99.22765pt.
<./rstar_onoff_pval_b0p5_tau2.pdf, id=112, 867.24pt x 433.62pt>
File: ./rstar_onoff_pval_b0p5_tau2.pdf Graphic file (type pdf)
<use ./rstar_onoff_pval_b0p5_tau2.pdf>
Package pdftex.def Info: ./rstar_onoff_pval_b0p5_tau2.pdf  used on input line 6
46.
(pdftex.def)             Requested size: 198.45662pt x 99.22765pt.
<./rstar_onoff_pval_b2_tau0p5.pdf, id=113, 867.24pt x 433.62pt>
File: ./rstar_onoff_pval_b2_tau0p5.pdf Graphic file (type pdf)
<use ./rstar_onoff_pval_b2_tau0p5.pdf>
Package pdftex.def Info: ./rstar_onoff_pval_b2_tau0p5.pdf  used on input line 6
48.
(pdftex.def)             Requested size: 198.45662pt x 99.22765pt.
<./rstar_onoff_pval_b2_tau2.pdf, id=114, 867.24pt x 433.62pt>
File: ./rstar_onoff_pval_b2_tau2.pdf Graphic file (type pdf)
<use ./rstar_onoff_pval_b2_tau2.pdf>
Package pdftex.def Info: ./rstar_onoff_pval_b2_tau2.pdf  used on input line 650
.
(pdftex.def)             Requested size: 198.45662pt x 99.22765pt.
 [9 <./rstar_simple_pval_b0p5.pdf> <./rstar_simple_pval_b2.pdf> <./rstar_onoff_
pval_b0p5_tau0p5.pdf> <./rstar_onoff_pval_b0p5_tau2.pdf> <./rstar_onoff_pval_b2
_tau0p5.pdf> <./rstar_onoff_pval_b2_tau2.pdf>]
<./rstar_simple_medsig_s1.pdf, id=466, 650.43pt x 361.35pt>
File: ./rstar_simple_medsig_s1.pdf Graphic file (type pdf)
<use ./rstar_simple_medsig_s1.pdf>
Package pdftex.def Info: ./rstar_simple_medsig_s1.pdf  used on input line 699.
(pdftex.def)             Requested size: 141.12889pt x 78.40552pt.
<./rstar_simple_medsig_s2.pdf, id=467, 650.43pt x 361.35pt>
File: ./rstar_simple_medsig_s2.pdf Graphic file (type pdf)
<use ./rstar_simple_medsig_s2.pdf>
Package pdftex.def Info: ./rstar_simple_medsig_s2.pdf  used on input line 701.
(pdftex.def)             Requested size: 141.12889pt x 78.40552pt.
<./rstar_simple_medsig_s5.pdf, id=468, 650.43pt x 361.35pt>
File: ./rstar_simple_medsig_s5.pdf Graphic file (type pdf)
<use ./rstar_simple_medsig_s5.pdf>
Package pdftex.def Info: ./rstar_simple_medsig_s5.pdf  used on input line 703.
(pdftex.def)             Requested size: 141.12889pt x 78.40552pt.
<./rstar_onoff_medsig_s1_tau0p5.pdf, id=469, 578.16pt x 361.35pt>
File: ./rstar_onoff_medsig_s1_tau0p5.pdf Graphic file (type pdf)
<use ./rstar_onoff_medsig_s1_tau0p5.pdf>
Package pdftex.def Info: ./rstar_onoff_medsig_s1_tau0p5.pdf  used on input line
 729.
(pdftex.def)             Requested size: 198.45662pt x 124.0318pt.
<./rstar_onoff_medsig_s2_tau0p5.pdf, id=470, 578.16pt x 361.35pt>
File: ./rstar_onoff_medsig_s2_tau0p5.pdf Graphic file (type pdf)
<use ./rstar_onoff_medsig_s2_tau0p5.pdf>
Package pdftex.def Info: ./rstar_onoff_medsig_s2_tau0p5.pdf  used on input line
 731.
(pdftex.def)             Requested size: 198.45662pt x 124.0318pt.
<./rstar_onoff_medsig_s1_tau2.pdf, id=471, 578.16pt x 361.35pt>
File: ./rstar_onoff_medsig_s1_tau2.pdf Graphic file (type pdf)
<use ./rstar_onoff_medsig_s1_tau2.pdf>
Package pdftex.def Info: ./rstar_onoff_medsig_s1_tau2.pdf  used on input line 7
33.
(pdftex.def)             Requested size: 198.45662pt x 124.0318pt.
<./rstar_onoff_medsig_s2_tau2.pdf, id=472, 578.16pt x 361.35pt>
File: ./rstar_onoff_medsig_s2_tau2.pdf Graphic file (type pdf)
<use ./rstar_onoff_medsig_s2_tau2.pdf>
Package pdftex.def Info: ./rstar_onoff_medsig_s2_tau2.pdf  used on input line 7
35.
(pdftex.def)             Requested size: 198.45662pt x 124.0318pt.
<./rstar_onoff_medsig_s1_sigrel0p5.pdf, id=473, 578.16pt x 361.35pt>
File: ./rstar_onoff_medsig_s1_sigrel0p5.pdf Graphic file (type pdf)
<use ./rstar_onoff_medsig_s1_sigrel0p5.pdf>
Package pdftex.def Info: ./rstar_onoff_medsig_s1_sigrel0p5.pdf  used on input l
ine 762.
(pdftex.def)             Requested size: 198.45662pt x 124.0318pt.
<./rstar_onoff_medsig_s2_sigrel0p5.pdf, id=474, 578.16pt x 361.35pt>
File: ./rstar_onoff_medsig_s2_sigrel0p5.pdf Graphic file (type pdf)
<use ./rstar_onoff_medsig_s2_sigrel0p5.pdf>
Package pdftex.def Info: ./rstar_onoff_medsig_s2_sigrel0p5.pdf  used on input l
ine 764.
(pdftex.def)             Requested size: 198.45662pt x 124.0318pt.
<./rstar_onoff_medsig_s1_sigrel1.pdf, id=475, 578.16pt x 361.35pt>
File: ./rstar_onoff_medsig_s1_sigrel1.pdf Graphic file (type pdf)
<use ./rstar_onoff_medsig_s1_sigrel1.pdf>
Package pdftex.def Info: ./rstar_onoff_medsig_s1_sigrel1.pdf  used on input lin
e 766.
(pdftex.def)             Requested size: 198.45662pt x 124.0318pt.
<./rstar_onoff_medsig_s2_sigrel1.pdf, id=476, 578.16pt x 361.35pt>
File: ./rstar_onoff_medsig_s2_sigrel1.pdf Graphic file (type pdf)
<use ./rstar_onoff_medsig_s2_sigrel1.pdf>
Package pdftex.def Info: ./rstar_onoff_medsig_s2_sigrel1.pdf  used on input lin
e 768.
(pdftex.def)             Requested size: 198.45662pt x 124.0318pt.
 [10 <./rstar_simple_medsig_s1.pdf> <./rstar_simple_medsig_s2.pdf> <./rstar_sim
ple_medsig_s5.pdf>]
[11 <./rstar_onoff_medsig_s1_tau0p5.pdf> <./rstar_onoff_medsig_s2_tau0p5.pdf> <
./rstar_onoff_medsig_s1_tau2.pdf> <./rstar_onoff_medsig_s2_tau2.pdf> <./rstar_o
noff_medsig_s1_sigrel0p5.pdf> <./rstar_onoff_medsig_s2_sigrel0p5.pdf> <./rstar_
onoff_medsig_s1_sigrel1.pdf> <./rstar_onoff_medsig_s2_sigrel1.pdf>] [12]
Underfull \hbox (badness 10000) in paragraph at lines 876--881
[]\OT1/cmr/m/n/10.95 E. Canonero, \OT1/cmr/m/it/10.95 Higher-order asymp-totic 
meth-ods for tests of new physics\OT1/cmr/m/n/10.95 ,
 []

[13] (./main.aux) ) 
Here is how much of TeX's memory you used:
 2052 strings out of 481008
 31133 string characters out of 5909440
 325277 words of memory out of 5000000
 19226 multiletter control sequences out of 15000+600000
 413609 words of font info for 62 fonts, out of 8000000 for 9000
 14 hyphenation exceptions out of 8191
 68i,10n,74p,572b,267s stack positions out of 5000i,500n,10000p,200000b,80000s
</usr/share/texlive/texmf-dist/fonts/type1/public/amsfonts/c
m/cmbx10.pfb></usr/share/texlive/texmf-dist/fonts/type1/public/amsfonts/cm/cmbx
12.pfb></usr/share/texlive/texmf-dist/fonts/type1/public/amsfonts/cm/cmex10.pfb
></usr/share/texlive/texmf-dist/fonts/type1/public/amsfonts/cm/cmmi10.pfb></usr
/share/texlive/texmf-dist/fonts/type1/public/amsfonts/cm/cmmi12.pfb></usr/share
/texlive/texmf-dist/fonts/type1/public/amsfonts/cm/cmmi7.pfb></usr/share/texliv
e/texmf-dist/fonts/type1/public/amsfonts/cm/cmmi8.pfb></usr/share/texlive/texmf
-dist/fonts/type1/public/amsfonts/cm/cmmib10.pfb></usr/share/texlive/texmf-dist
/fonts/type1/public/amsfonts/cm/cmr10.pfb></usr/share/texlive/texmf-dist/fonts/
type1/public/amsfonts/cm/cmr12.pfb></usr/share/texlive/texmf-dist/fonts/type1/p
ublic/amsfonts/cm/cmr7.pfb></usr/share/texlive/texmf-dist/fonts/type1/public/am
sfonts/cm/cmr8.pfb></usr/share/texlive/texmf-dist/fonts/type1/public/amsfonts/c
m/cmsy10.pfb></usr/share/texlive/texmf-dist/fonts/type1/public/amsfonts/cm/cmsy
7.pfb></usr/share/texlive/texmf-dist/fonts/type1/public/amsfonts/cm/cmsy8.pfb><
/usr/share/texlive/texmf-dist/fonts/type1/public/amsfonts/cm/cmti10.pfb>
Output written on main.pdf (13 pages, 552304 bytes).
PDF statistics:
 1066 PDF objects out of 1200 (max. 8388607)
 272 compressed objects within 3 object streams
 0 named destinations out of 1000 (max. 500000)
 121 words of extra memory for PDF output out of 10000 (max. 10000000)

